// Jest Snapshot v1, https://goo.gl/fbAQLP

exports[`Header renders correctly 1`] = `
<header
  className="sc-bdnylx fjhTox"
>
  <div
    className="sc-dlnjPT hiBepg"
  >
    <div
      className="sc-gtssRu ldLFCG"
    >
      <h1
        className="sc-hKFyIo ewETJm"
      >
        <a
          href="/"
        >
          <img
            alt="CevicheLabs"
            data-src="test-file-stub"
            src="test-file-stub"
          />
        </a>
      </h1>
    </div>
    <nav
      className="sc-gKAblj gvkgBm"
    >
      <a
        href="/metodologia"
      >
        <big
          className="sc-iCoHVE davxlP"
        >
          METODOLOGÍA
        </big>
        <small
          className="sc-fujyUd cxYhpr"
        >
          Cómo lo que hacemos
        </small>
      </a>
      <a
        href="/soluciones"
      >
        <big
          className="sc-iCoHVE davxlP"
        >
          SOLUCIONES
        </big>
        <small
          className="sc-fujyUd cxYhpr"
        >
          Qué es lo que hacemos
        </small>
      </a>
      <a
        href="/planes"
      >
        <big
          className="sc-iCoHVE davxlP"
        >
          PLANES
        </big>
        <small
          className="sc-fujyUd cxYhpr"
        >
          En qué te ayudamos
        </small>
      </a>
      <a
        href="/experiencia"
      >
        <big
          className="sc-iCoHVE davxlP"
        >
          EXPERIENCIA
        </big>
        <small
          className="sc-fujyUd cxYhpr"
        >
          Cómo te ayudamos
        </small>
      </a>
    </nav>
    <h2
      className="sc-eCApGN iUguQn"
    >
      <span
        className="sc-jSFkmK fwaloA"
      >
        .
      </span>
      Laboratorio de soluciones digitales
    </h2>
    <div
      className="sc-pNWxx cbPmqA"
      onClick={[Function]}
    />
  </div>
</header>
`;
